[versiones] bot f21ff7a2-7401-4aa4-812d-e604b5a4eef8 (417) · guard 86086e91-79a9-4a2d-be78-b73c781af7ea (17)
[fixture] cotización 2938 (clon de 2683) · lead 1585 · CP 64650 · tel 1000000536
  [0-saludo] exec 78171 · 86 nodos · guard: —
      cliente: «Hola, quiero contratar el seguro de mi Toyota Highlander»
      bot:     «¡Hola! Soy Carla, de Quálitas 😊 Ya tengo tu cotización para tu *Toyota Highlander 2020*. Tengo dos opciones de cobertura disponibles: *Amplia:* • Anual: $10,858.25 MXN • Semestral: $11,305.66 MXN (primer pago $6,099.43, luego 1 pago de $5,206.23) • Trimestral»
  [1-seleccion] exec 78173 · 84 nodos · guard: —
      cliente: «Me quedo con la cobertura Amplia, pago de contado»
      bot:     «¡Perfecto! Continuamos con *Cobertura Amplia, pago anual de $10,858.25 MXN*. No te preocupes, no hace falta que me des todo de golpe — te voy pidiendo los datos uno por uno. *Para continuar necesito:* - Tu nombre completo - Fecha de nacimiento (DD/MM/AAAA) - G»
  [2-grupo1] exec 78176 · 84 nodos · guard: —
      cliente: «Ana Pérez Quality, nací el 01/01/1990, soy mujer»
      bot:     «Perfecto, Ana. Ahora necesito: - Placas del vehículo - Número de serie (NIV/VIN): 17 caracteres, sin las letras I, O ni Q *Si tienes una foto de tu tarjeta de circulación, mándamela y trato de leer los datos.*»
  [3-grupo2] exec 78177 · 86 nodos · guard: —
      cliente: «Placas QAA536B y número de serie 5TDDZRFH6LS005360»
      bot:     «¡Perfecto, estamos a nada! 🙌 Último paso y ya: - Calle, número exterior e interior (si tiene) - Colonia»
  [4-grupo3] exec 78179 · 83 nodos · guard: —
      cliente: «Calle Roble 222, interior 4B»
      bot:     «Gracias, Ana. ¿Cuál es tu colonia? Así puedo validar tu domicilio.»
  [4b-colonia] exec 78180 · 85 nodos · guard: —
      cliente: «Colinas del Valle»
      bot:     «¿Requieres factura? (SÍ/NO)»
  [5-factura-resumen] exec 78181 · 88 nodos · guard: 78184/resumen,78183/resumen
      cliente: «No»
      bot:     «¡Listo! Ya tenemos todo 🎉 Ana, confírmame que todo está bien y procedemos a la emisión: Vehículo: Toyota Highlander 2020 Cobertura: Cobertura Amplia Pago: Pago Anual (Contado) Monto total: $10,858.25 MXN *Datos del contratante:* Ana Pérez Quality Nacimiento: »
  [6-correccion] exec 78185 · 86 nodos · guard: 78186/resumen
      cliente: «Perdona, la dirección está mal: es Calle Fresno 150, sin interior»
      bot:     «Ya quedó actualizado. Ana, confírmame que todo está bien y procedemos a la emisión: Vehículo: Toyota Highlander 2020 Cobertura: Cobertura Amplia Pago: Pago Anual (Contado) Monto total: $10,858.25 MXN *Datos del contratante:* Ana Pérez Quality Nacimiento: 01/01»
  [8-confirma] exec 78187 · 88 nodos · guard: 78188/emitir
      cliente: «Sí, confirmo»
      bot:     «¡Listo, Ana! 🎉 Tu póliza fue emitida exitosamente. *Resumen de tu póliza:* Vehículo: Toyota Highlander 2020 Cobertura: Cobertura Amplia Póliza: 7620103881 Monto total: $11,775.69 MXN Para activar tu cobertura, realiza tu pago en las próximas 24 horas: https:/»
[emisión] guard 78188 · Django llamado: true · póliza: 7620103881
[limpieza] n8n_chat_histories:34 · whatsapp_sessions:1 · qualitas_leadactionevent:2 · qualitas_cotizacionrespuestaxml:1 · qualitas_businessoutboxdelivery:1 · qualitas_qualitaspaymentpollstate:1 · qualitas_policyinstallment:1 · qualitas_policypaymentsummary:1
[RESIDUO DECLARADO] qualitas_leadfunnelevent(760,761,763,762) ERROR: ERROR:  LeadFunnelEvent is append-only | qualitas_lead(1585) ERROR: ERROR:  update or delete on table "qualitas_lead" violates foreign key constraint "qualitas_leadfunnelevent_lead_id_80be022d_fk_qualitas_lead_id" on table "qual | qualitas_leadfunnelevent(760,761,763,762) ERROR: ERROR:  LeadFunnelEvent is append-only | qualitas_lead(1585) ERROR: ERROR:  update or delete on table "qualitas_lead" violates foreign key constraint "qualitas_leadfunnelevent_lead_id_80be022d_fk_qualitas_lead_id" on table "qual | qualitas_leadfunnelevent(760,761,763,762) ERROR: ERROR:  LeadFunnelEvent is append-only | qualitas_lead(1585) ERROR: ERROR:  update or delete on table "qualitas_lead" violates foreign key constraint "qualitas_leadfunnelevent_lead_id_80be022d_fk_qualitas_lead_id" on table "qual | qualitas_paymentevidence(364) ERROR: ERROR:  PaymentEvidence is append-only | qualitas_qualitaspaymentpollobservation(8227) ERROR: ERROR:  QualitasPaymentPollObservation is append-only | qualitas_policypaymentmilestone(4bb6388f-2be6-5896-916a-a07760882c7e) ERROR: ERROR:  receipt ledger row is append-only | qualitas_policypaymentmilestone(4bb6388f-2be6-5896-916a-a07760882c7e) ERROR: ERROR:  receipt ledger row is append-only | qualitas_qualitasproviderreceiptidentity(397) ERROR: ERROR:  receipt ledger V2 row is append-only | qualitas_qualitasproviderreceiptobservation(14080) ERROR: ERROR:  receipt ledger V2 row is append-only | qualitas_qualitasreceiptsnapshotevaluation(1605) ERROR: ERROR:  receipt ledger V2 row is append-only | qualitas_qualitaspolicyreceiptsnapshot(1710) ERROR: ERROR:  receipt ledger row is append-only | qualitas_qualitasproviderreceiptobservation(14080) ERROR: ERROR:  receipt ledger V2 row is append-only | qualitas_qualitasproviderreceiptidentity(397) ERROR: ERROR:  receipt ledger V2 row is append-only | qualitas_polizaemitida(1849) ERROR: ERROR:  policy deletion is forbidden after receipt ledger cutover | qualitas_asegurado(1981) ERROR: ERROR:  update or delete on table "qualitas_asegurado" violates foreign key constraint "qualitas_polizaemiti_asegurado_id_c0c5ac01_fk_qualitas_" on table "quali | qualitas_leadfunnelevent(760,761,763,762) ERROR: ERROR:  LeadFunnelEvent is append-only | qualitas_lead(1585) ERROR: ERROR:  update or delete on table "qualitas_lead" violates foreign key constraint "qualitas_leadfunnelevent_lead_id_80be022d_fk_qualitas_lead_id" on table "qual | qualitas_paymentevidence(364) ERROR: ERROR:  PaymentEvidence is append-only | qualitas_qualitaspaymentpollobservation(8227) ERROR: ERROR:  QualitasPaymentPollObservation is append-only | qualitas_policypaymentmilestone(4bb6388f-2be6-5896-916a-a07760882c7e) ERROR: ERROR:  receipt ledger row is append-only | qualitas_policypaymentmilestone(4bb6388f-2be6-5896-916a-a07760882c7e) ERROR: ERROR:  receipt ledger row is append-only | qualitas_qualitasproviderreceiptobservation(14080) ERROR: ERROR:  receipt ledger V2 row is append-only | qualitas_qualitasproviderreceiptidentity(397) ERROR: ERROR:  receipt ledger V2 row is append-only | qualitas_qualitasproviderreceiptobservation(14080) ERROR: ERROR:  receipt ledger V2 row is append-only | qualitas_qualitasreceiptsnapshotevaluation(1605) ERROR: ERROR:  receipt ledger V2 row is append-only | qualitas_qualitaspolicyreceiptsnapshot(1710) ERROR: ERROR:  receipt ledger row is append-only | qualitas_qualitasproviderreceiptobservation(14080) ERROR: ERROR:  receipt ledger V2 row is append-only | qualitas_qualitasproviderreceiptidentity(397) ERROR: ERROR:  receipt ledger V2 row is append-only | qualitas_polizaemitida(1849) ERROR: ERROR:  policy deletion is forbidden after receipt ledger cutover | qualitas_leadfunnelevent(760,761,763,762) ERROR: ERROR:  LeadFunnelEvent is append-only | qualitas_cotizacion(2938) ERROR: ERROR:  update or delete on table "qualitas_cotizacion" violates foreign key constraint "qualitas_asegurado_cotizacion_id_3a1f41d5_fk_qualitas_" on table "quali
[e2e-emision-registro-536] 18 tests → PASS 16 · FAIL 0 · WARN 1 · SKIP 0
[e2e-emision-registro-536] reporte: reports/20261005-2006-536/e2e-emision-registro-536.json
[536] traza en reports/20261005-2006-536
exit=0
