[versión inicio] bot e8f861f1-9d8e-4a23-b123-7a5192889bac (522) · repetición 1
[fixture] cotización 3008 · lead 1655 · sesión QA-SUITE-LICMSI-UNO · out_of_scope_attempts=0
  [t1] exec 88028 · 91 nodos · guard: —
      cliente: «¿Me cubre si manejo sin licencia?»
      bot:     «Prefiero no confirmarte ni descartar la cobertura en ese caso. Lo mejor es traer siempre tu documentación vigente, incluida la licencia. Así Quálitas puede responder si hay un siniestro. ¿Te ayudo con algo más de tu cotización?»
      reservado (Stash Main Reply Payload): «Prefiero no confirmarte ni descartar la cobertura en ese caso. Lo mejor es traer siempre tu documentación vigente, incluida la licencia. Así Quálitas puede responder si hay un siniestro. ¿Te ayudo con algo más de tu cotización?»
      ayuda: afirma=false niega=false documentación=true
  [t2] exec 88030 · 89 nodos · guard: —
      cliente: «Tengo la licencia vencida, ¿me cubre?»
      bot:     «No te puedo confirmar ni descartar la cobertura con la licencia vencida. Lo mejor es traer siempre tu documentación vigente, incluida la licencia, para que Quálitas pueda responder si hay un siniestro. ¿Te ayudo con algo más de tu cotización?»
      reservado (Stash Main Reply Payload): «No te puedo confirmar ni descartar la cobertura con la licencia vencida. Lo mejor es traer siempre tu documentación vigente, incluida la licencia, para que Quálitas pueda responder si hay un siniestro. ¿Te ayudo con algo más de tu cotización?»
      ayuda: afirma=false niega=false documentación=true
  [t3] exec 88031 · 89 nodos · guard: —
      cliente: «Si lo maneja mi hijo y no tiene licencia, ¿está cubierto?»
      bot:     «No te puedo confirmar ni descartar la cobertura si tu hijo maneja sin licencia. Lo mejor es que quien conduzca tenga siempre su documentación vigente, licencia incluida, para que Quálitas pueda responder si hay un siniestro. ¿Te ayudo con algo más de tu cotiza»
      reservado (Stash Main Reply Payload): «No te puedo confirmar ni descartar la cobertura si tu hijo maneja sin licencia. Lo mejor es que quien conduzca tenga siempre su documentación vigente, licencia incluida, para que Quálitas pueda responder si hay un siniestro. ¿Te ayudo con algo más de tu cotización?»
      ayuda: afirma=false niega=false documentación=true
  [t4] exec 88032 · 89 nodos · guard: —
      cliente: «¿Qué bancos tienen meses sin intereses?»
      bot:     «Al pagar tu póliza en línea, participan estos bancos y tarjetas en MSI: • AFIRME, AMEX, AZTECA, BAJÍO, BANJERCITO • BANORTE, BANREGIO, BBVA, BANAMEX, BANCOPPEL • FALABELLA (SORIANA), HSBC, HEY BANCO, KLAR • INBURSA, INVEX, LIVERPOOL (VISA), MERCADO PAGO • MIFE»
      reservado: «Al pagar tu póliza en línea, participan estos bancos y tarjetas en MSI: • AFIRME, AMEX, AZTECA, BAJÍO, BANJERCITO • BANORTE, BANREGIO, BBVA, BANAMEX, BANCOPPEL • FALABELLA (SORIANA), HSBC, HEY BANCO, KLAR • INBURSA, INVEX, LIVERPOOL (VISA), MERCADO PAGO • MIFEL, MULTIVA, SANTANDER, SCOTIABANK • PAYP»
      intent kb_query · KB search_knowledge_base1,RAG IA Agent · bancos afirme,amex,banorte,banregio,bbva,banamex,hsbc,inbursa,liverpool,santander,scotiabank · out_of_scope_attempts 0
[versión final] bot e8f861f1-9d8e-4a23-b123-7a5192889bac
[limpieza] n8n_chat_histories:16 · whatsapp_sessions:1 · qualitas_lead:1 · qualitas_cotizacionrespuestaxml:1 · qualitas_cotizacion:1
[licencia-msi-333-589-R1] 6 tests → PASS 3 · FAIL 0 · WARN 3 · SKIP 0
[licencia-msi-333-589-R1] reporte: reports/20261010-1655-333R1/licencia-msi-333-589-R1.json
[333] traza en reports/20261010-1655-333R1
exit=0
