[versiones] bot 00382130-b60a-494b-8338-86fb20e4b961 (414) · guard c0b8a798-3f7a-42de-9d11-1c145fb28123 (17)
[fixture] cotización 2906 (clon de 2683) · lead 1552 · CP 64650 · tel 1000000536
  [0-saludo] exec 75859 · 85 nodos · guard: —
      cliente: «Hola, quiero contratar el seguro de mi Toyota Highlander»
      bot:     «¡Hola! Soy Carla, de Quálitas 😊 Ya tengo tu cotización para tu *Toyota Highlander 2020*. Tengo dos opciones de cobertura: *Amplia:* • Anual: $10,858.25 MXN • Semestral: $11,305.66 MXN (primer pago $6,099.43, luego 1 pago de $5,206.23) • Trimestral: $11,549.70»
  [1-seleccion] exec 75862 · 83 nodos · guard: —
      cliente: «Me quedo con la cobertura Amplia, pago de contado»
      bot:     «¡Perfecto! Continuamos con *Cobertura Amplia, pago anual de $10,858.25 MXN*. *Para continuar necesito:* - Tu nombre completo - Fecha de nacimiento (DD/MM/AAAA) - Género (M/F) No te preocupes, no hace falta que me des todo junto, vamos paso a paso 😊»
  [2-grupo1] exec 75864 · 83 nodos · guard: —
      cliente: «Ana Prueba Quality, nací el 01/01/1990, soy mujer»
      bot:     «Perfecto, Ana. Ahora necesito: - Placas del vehículo - Número de serie (NIV/VIN): 17 caracteres, sin las letras I, O ni Q *Si tienes una foto de tu tarjeta de circulación, mándamela y trato de leer los datos.*»
  [3-grupo2] exec 75865 · 85 nodos · guard: —
      cliente: «Placas QAA536B y número de serie 5TDDZRFH6LS005360»
      bot:     «¡Perfecto, estamos a nada! 🙌 Último paso y ya: - Calle, número exterior e interior (si tiene) - Colonia»
  [4-grupo3] exec 75867 · 82 nodos · guard: —
      cliente: «Calle Roble 222, interior 4B»
      bot:     «Gracias, Ana. ¿Me compartes también el nombre de tu colonia para validar la dirección completa?»
  [4b-colonia] exec 75868 · 84 nodos · guard: —
      cliente: «Colinas del Valle»
      bot:     «¿Requieres factura? (SÍ/NO)»
  [5-factura-resumen] exec 75869 · 86 nodos · guard: 75871/resumen
      cliente: «No»
      bot:     «¡Perfecto! Ya tenemos todo 🎉 Ana, confírmame que todo está bien y procedemos a la emisión: Vehículo: TOYOTA HIGHLANDER 2020 Cobertura: Cobertura Amplia Pago: Pago Anual (Contado) Monto total: $10,858.25 MXN *Datos del contratante:* Ana Prueba Quality Nacimien»
  [6-correccion] exec 75872 · 84 nodos · guard: —
      cliente: «Perdona, la dirección está mal: es Calle Fresno 150, sin interior»
      bot:     «No te preocupes, Ana, ya corregí la dirección. Déjame confirmarte el resumen actualizado: ¡Ya tenemos todo 🎉! Vehículo: TOYOTA HIGHLANDER 2020 Cobertura: Cobertura Amplia Pago: Pago Anual (Contado) Monto total: $10,858.25 MXN *Datos del contratante:* Ana Prue»
  [8-confirma] exec 75873 · 83 nodos · guard: 75875/emitir
      cliente: «Sí, confirmo»
      bot:     «Ana, parece que hubo un problema con el RFC que calculé — Quálitas lo marcó como no válido. ¿Me puedes confirmar tus apellidos exactos y fecha de nacimiento para revisarlo? O si prefieres, dame el RFC completo (13 caracteres) y lo usamos directamente.»
[emisión] guard 75875 · Django llamado: true · póliza: NINGUNA
[limpieza] n8n_chat_histories:34 · whatsapp_sessions:1 · qualitas_leadactionevent:3 · qualitas_cotizacionrespuestaxml:1
[RESIDUO DECLARADO] qualitas_leadfunnelevent(731,732) ERROR: ERROR:  LeadFunnelEvent is append-only | qualitas_lead(1552) ERROR: ERROR:  update or delete on table "qualitas_lead" violates foreign key constraint "qualitas_leadfunnelevent_lead_id_80be022d_fk_qualitas_lead_id" on table "qual | qualitas_leadfunnelevent(731,732) ERROR: ERROR:  LeadFunnelEvent is append-only | qualitas_lead(1552) ERROR: ERROR:  update or delete on table "qualitas_lead" violates foreign key constraint "qualitas_leadfunnelevent_lead_id_80be022d_fk_qualitas_lead_id" on table "qual | qualitas_asegurado(1948) ERROR: ERROR:  update or delete on table "qualitas_asegurado" violates foreign key constraint "qualitas_lead_asegurado_id_3cd23f20_fk_qualitas_asegurado_id" on table " | qualitas_leadfunnelevent(731,732) ERROR: ERROR:  LeadFunnelEvent is append-only | qualitas_cotizacion(2906) ERROR: ERROR:  update or delete on table "qualitas_cotizacion" violates foreign key constraint "qualitas_asegurado_cotizacion_id_3a1f41d5_fk_qualitas_" on table "quali
[e2e-emision-registro-536] 13 tests → PASS 10 · FAIL 2 · WARN 1 · SKIP 0
[e2e-emision-registro-536] reporte: reports/20261004-0633-536/e2e-emision-registro-536.json
[536] traza en reports/20261004-0633-536
exit=0
