[versiones inicio] bot 7f04b5c9-2148-487c-85e1-f4f4b0e29477 (522) · guard 89019409-67e6-4334-a9cc-022c02dd664c (18) · corrida B · VIN 5TDDZRFH1LS054501 (válido)
[fixture] cotización 3005 · lead 1652 · sesión QA-SUITE-RFCPRADO-B
  [0-saludo] exec 87028 · 97 nodos · guard: —
      cliente: «Hola, quiero contratar el seguro de mi Toyota Highlander»
      bot:     «¡Hola! Ya tengo tu cotización para tu *TOYOTA HIGHLANDER 2020*: Cobertura Amplia, pago anual de *$10,858.25 MXN*. ¿Te la dejo lista para contratar?»
  [1-seleccion] exec 87030 · 95 nodos · guard: —
      cliente: «Me quedo con la cobertura Amplia, pago de contado»
      bot:     «Continuamos con *Cobertura Amplia, pago anual de $10,858.25 MXN*. *Para continuar necesito:* - Tu nombre completo (nombre y apellidos) - Fecha de nacimiento (DD/MM/AAAA) - Género (M/F) No hace falta que lo tengas todo a la mano: te lo voy pidiendo paso a paso.»
  [2-grupo1] exec 87032 · 95 nodos · guard: —
      cliente: «Juan Prado López, 15/03/1988, masculino»
      bot:     «Perfecto, Juan. Ahora necesito: - Placas del vehículo - Número de serie (NIV/VIN): 17 caracteres, sin las letras I, O ni Q *Si tienes una foto de tu tarjeta de circulación, mándamela y trato de leer los datos.*»
  [3-placas-vin] exec 87034 · 97 nodos · guard: —
      cliente: «Placas QAA545B y número de serie 5TDDZRFH1LS054501»
      bot:     «¡Perfecto, estamos a nada! 🙌 Último paso: - Calle, número exterior e interior (si tiene) - Colonia»
  [4-domicilio] exec 87035 · 95 nodos · guard: —
      cliente: «Calle Fresno 150»
      bot:     «Gracias, Juan. Me falta la colonia. Para tu código postal tengo estas opciones: 1. Colinas del Valle 2. Cooperativa Cuauhtémoc 3. Cumbres del Valle 4. Rincón de Santa María 5. Santa María Indícame el número o el nombre de tu colonia. Si tienes número interior,»
  [4b-colonia] exec 87036 · 95 nodos · guard: —
      cliente: «Colinas del Valle»
      bot:     «Listo, Juan, ya tengo tu domicilio. ¿Requieres factura? (SÍ/NO)»
  [5-factura-resumen] exec 87038 · 99 nodos · guard: 87040/resumen,87039/resumen
      cliente: «No»
      bot:     «¡Excelente! Ya tenemos todo 🎉 Vehículo: TOYOTA HIGHLANDER 2020 Cobertura: Cobertura Amplia Pago: Pago Anual Monto total: $10,858.25 MXN *Datos del contratante:* Juan Prado López Nacimiento: 15/03/1988 Placas: QAA545B Serie: 5TDDZRFH1LS054501 *Domicilio:* Fres»
  [6-confirma] exec 87041 · 96 nodos · guard: 87042/emitir
      cliente: «Sí, confirmo»
      bot:     «¡Listo, Juan! 🎉 Tu póliza fue emitida. *Resumen de tu póliza:* Vehículo: TOYOTA HIGHLANDER 2020 Cobertura: Cobertura Amplia Póliza: 7620104155 Monto total: $11,775.69 MXN Ojo: este monto es distinto de los $10,858.25 MXN que te mostré en el resumen. El sistem»
[emisión] guard 87042 · base PALJ880315 · rfc cuerpo PALJ880315 · póliza 7620104155
[versiones final] bot 7f04b5c9-2148-487c-85e1-f4f4b0e29477 · guard 89019409-67e6-4334-a9cc-022c02dd664c
[limpieza] n8n_chat_histories:34 · whatsapp_sessions:1 · qualitas_leadactionevent:2 · qualitas_cotizacionrespuestaxml:1 · qualitas_businessoutboxdelivery:1 · qualitas_qualitaspaymentpollstate:1 · qualitas_policyinstallment:1 · qualitas_policypaymentsummary:1
[RESIDUO DECLARADO] qualitas_leadfunnelevent(803,804,805,806) ERROR: ERROR:  LeadFunnelEvent is append-only | qualitas_lead(1652) ERROR: ERROR:  update or delete on table "qualitas_lead" violates foreign key constraint "qualitas_leadfunnelevent_lead_id_80be022d_fk_qualitas_lead_id" on table "qual | qualitas_leadfunnelevent(803,804,805,806) ERROR: ERROR:  LeadFunnelEvent is append-only | qualitas_lead(1652) ERROR: ERROR:  update or delete on table "qualitas_lead" violates foreign key constraint "qualitas_leadfunnelevent_lead_id_80be022d_fk_qualitas_lead_id" on table "qual | qualitas_leadfunnelevent(803,804,805,806) ERROR: ERROR:  LeadFunnelEvent is append-only | qualitas_lead(1652) ERROR: ERROR:  update or delete on table "qualitas_lead" violates foreign key constraint "qualitas_leadfunnelevent_lead_id_80be022d_fk_qualitas_lead_id" on table "qual | qualitas_paymentevidence(397) ERROR: ERROR:  PaymentEvidence is append-only | qualitas_qualitaspaymentpollobservation(9366) ERROR: ERROR:  QualitasPaymentPollObservation is append-only | qualitas_policypaymentmilestone(b856351e-06e3-567b-b45f-8b5ff71192bc) ERROR: ERROR:  receipt ledger row is append-only | qualitas_policypaymentmilestone(b856351e-06e3-567b-b45f-8b5ff71192bc) ERROR: ERROR:  receipt ledger row is append-only | qualitas_qualitasproviderreceiptidentity(430) ERROR: ERROR:  receipt ledger V2 row is append-only | qualitas_qualitasproviderreceiptobservation(16877) ERROR: ERROR:  receipt ledger V2 row is append-only | qualitas_qualitasreceiptsnapshotevaluation(1946) ERROR: ERROR:  receipt ledger V2 row is append-only | qualitas_qualitaspolicyreceiptsnapshot(2051) ERROR: ERROR:  receipt ledger row is append-only | qualitas_qualitasproviderreceiptobservation(16877) ERROR: ERROR:  receipt ledger V2 row is append-only | qualitas_qualitasproviderreceiptidentity(430) ERROR: ERROR:  receipt ledger V2 row is append-only | qualitas_polizaemitida(1884) ERROR: ERROR:  policy deletion is forbidden after receipt ledger cutover | qualitas_asegurado(2017) ERROR: ERROR:  update or delete on table "qualitas_asegurado" violates foreign key constraint "qualitas_polizaemiti_asegurado_id_c0c5ac01_fk_qualitas_" on table "quali | qualitas_leadfunnelevent(803,804,805,806) ERROR: ERROR:  LeadFunnelEvent is append-only | qualitas_lead(1652) ERROR: ERROR:  update or delete on table "qualitas_lead" violates foreign key constraint "qualitas_leadfunnelevent_lead_id_80be022d_fk_qualitas_lead_id" on table "qual | qualitas_paymentevidence(397) ERROR: ERROR:  PaymentEvidence is append-only | qualitas_qualitaspaymentpollobservation(9366) ERROR: ERROR:  QualitasPaymentPollObservation is append-only | qualitas_policypaymentmilestone(b856351e-06e3-567b-b45f-8b5ff71192bc) ERROR: ERROR:  receipt ledger row is append-only | qualitas_policypaymentmilestone(b856351e-06e3-567b-b45f-8b5ff71192bc) ERROR: ERROR:  receipt ledger row is append-only | qualitas_qualitasproviderreceiptobservation(16877) ERROR: ERROR:  receipt ledger V2 row is append-only | qualitas_qualitasproviderreceiptidentity(430) ERROR: ERROR:  receipt ledger V2 row is append-only | qualitas_qualitasproviderreceiptobservation(16877) ERROR: ERROR:  receipt ledger V2 row is append-only | qualitas_qualitasreceiptsnapshotevaluation(1946) ERROR: ERROR:  receipt ledger V2 row is append-only | qualitas_qualitaspolicyreceiptsnapshot(2051) ERROR: ERROR:  receipt ledger row is append-only | qualitas_qualitasproviderreceiptobservation(16877) ERROR: ERROR:  receipt ledger V2 row is append-only | qualitas_qualitasproviderreceiptidentity(430) ERROR: ERROR:  receipt ledger V2 row is append-only | qualitas_polizaemitida(1884) ERROR: ERROR:  policy deletion is forbidden after receipt ledger cutover | qualitas_leadfunnelevent(803,804,805,806) ERROR: ERROR:  LeadFunnelEvent is append-only | qualitas_cotizacion(3005) ERROR: ERROR:  update or delete on table "qualitas_cotizacion" violates foreign key constraint "qualitas_asegurado_cotizacion_id_3a1f41d5_fk_qualitas_" on table "quali
[e2e-545-469-B] 10 tests → PASS 9 · FAIL 0 · WARN 1 · SKIP 0
[e2e-545-469-B] reporte: reports/20261010-1401-545B/e2e-545-469-B.json
[545] traza en reports/20261010-1401-545B
exit=0
