[versiones inicio] bot 21bb6da5-18d2-41f7-b934-705badb82ac3 (522) · guard 89019409-67e6-4334-a9cc-022c02dd664c (18) · corrida A · VIN 5TDDZRFH2LS054501 (dígito MAL)
[fixture] cotización 3004 · lead 1651 · sesión QA-SUITE-RFCPRADO-A
  [0-saludo] exec 86895 · 97 nodos · guard: —
      cliente: «Hola, quiero contratar el seguro de mi Toyota Highlander»
      bot:     «¡Hola! Soy Carla, de Quálitas 😊 Ya tengo tu cotización para tu *Toyota Highlander 2020*: Cobertura Amplia, pago anual de *$10,858.25 MXN*. ¿Te la dejo lista para contratar?»
  [1-seleccion] exec 86899 · 95 nodos · guard: —
      cliente: «Me quedo con la cobertura Amplia, pago de contado»
      bot:     «Continuamos con *Cobertura Amplia, pago anual de $10,858.25 MXN*. *Para continuar necesito:* - Tu nombre completo - Fecha de nacimiento (DD/MM/AAAA) - Género (M/F) No te preocupes, no hace falta que me des todo de golpe; vamos paso a paso.»
  [2-grupo1] exec 86904 · 95 nodos · guard: —
      cliente: «Ana Pérez Ríos, nací el 01/01/1990, soy mujer»
      bot:     «Perfecto, Ana. Ahora necesito: - Placas del vehículo - Número de serie (NIV/VIN): 17 caracteres, sin las letras I, O ni Q *Si tienes una foto de tu tarjeta de circulación, mándamela y trato de leer los datos.*»
  [3-placas-vin] exec 86906 · 96 nodos · guard: —
      cliente: «Placas QAA545A y número de serie 5TDDZRFH2LS054501»
      bot:     «Gracias Ana. Antes de guardarlo, ¿puedes revisar bien tu número de serie? El que escribiste (5TDDZRFH2LS054501) podría tener algún carácter equivocado — verifícalo en tu tarjeta de circulación o tablero y lo confirmamos.»
  [4-reconfirma] exec 86909 · 95 nodos · guard: —
      cliente: «Sí, es correcto, está tal cual en mi tarjeta»
      bot:     «¡Excelente, Ana! Último paso y ya: - Calle, número exterior e interior (si tiene) - Colonia»
[A] paro aquí, sin emitir (orden del handoff)
[versiones final] bot 21bb6da5-18d2-41f7-b934-705badb82ac3 · guard 89019409-67e6-4334-a9cc-022c02dd664c
[limpieza] n8n_chat_histories:18 · whatsapp_sessions:1 · qualitas_lead:1 · qualitas_cotizacionrespuestaxml:1 · qualitas_cotizacion:1
[e2e-545-469-A] 6 tests → PASS 6 · FAIL 0 · WARN 0 · SKIP 0
[e2e-545-469-A] reporte: reports/20261010-1332-545A/e2e-545-469-A.json
[545] traza en reports/20261010-1332-545A
exit=0
